[grunge.com.tn/index.html]
[backblue.gif]
[fade.gif]
[index.html]
[grunge.com.tn/images/favicon.ico]
[cdnjs.cloudflare.com/ajax/libs/font-awesome/4.7.0/css/font-awesome.min.css]
[grunge.com.tn/js/jquery.min.js]
[grunge.com.tn/js/move-top.js]
[grunge.com.tn/js/easing.js]
[grunge.com.tn/index-2.html]
[grunge.com.tn/images/Logo GRUNGE B.png]
[grunge.com.tn/images/fa-fr.ico]
[grunge.com.tn/grungeeng.html]
[grunge.com.tn/images/fa-us.ico]
[grunge.com.tn/images/nav-icon.png]
[grunge.com.tn/creation graphique.html]
[grunge.com.tn/images/conception graphique services(s).png]
[grunge.com.tn/digital.html]
[grunge.com.tn/images/DIGITAL  web GRUNGE.png]
[grunge.com.tn/trade.html]
[grunge.com.tn/images/TRADE.png]
[grunge.com.tn/print.html]
[grunge.com.tn/images/PRINT.png]
[grunge.com.tn/event.html]
[grunge.com.tn/images/EVENT.png]
[grunge.com.tn/3D.html]
[grunge.com.tn/images/3D  web GRUNGE.png]
[grunge.com.tn/images/img_avatar.png]
[grunge.com.tn/images/avatar_director.jpg]
[grunge.com.tn/index.html]
[grunge.com.tn/images/cover web2.png]
[grunge.com.tn/images/banniere services2.png]
[grunge.com.tn/images/banniere contact2.png]
[grunge.com.tn/images/big-btn.png]
[grunge.com.tn/images/t-social.png]
[grunge.com.tn/images/upload.png]
[grunge.com.tn/images/to-top1.png]
[grunge.com.tn/css/style1.css]
[grunge.com.tn/css/bootstrap.css]
[grunge.com.tn/css/Slideshow1.css]
[grunge.com.tn/css/ImageOverdayTitle1.css]
[grunge.com.tn/css/icon.css]
[grunge.com.tn/css/sidenav.css]
[cdnjs.cloudflare.com/ajax/libs/font-awesome/4.7.0/css/font-awesome.min.css]
[grunge.com.tn/assets/css/images/overlay.png]
[grunge.com.tn/assets/css/images/loader.gif]
[grunge.com.tn/assets/css/main.css]
[grunge.com.tn/assets/css/noscript.css]
[grunge.com.tn/date_heure.html]
[grunge.com.tn/index-2.html]
[grunge.com.tn/grungeeng.html]
[grunge.com.tn/images/11.png]
[grunge.com.tn/images/12.jpg]
[grunge.com.tn/assets/js/jquery.min.js]
[grunge.com.tn/assets/js/jquery.poptrox.min.js]
[grunge.com.tn/assets/js/browser.min.js]
[grunge.com.tn/assets/js/breakpoints.min.js]
[grunge.com.tn/assets/js/util.js]
[grunge.com.tn/assets/js/main.js]
[grunge.com.tn/creation graphique.html]
[grunge.com.tn/images/21.png]
[grunge.com.tn/images/22.jpg]
[grunge.com.tn/images/23.png]
[grunge.com.tn/images/24.png]
[grunge.com.tn/images/25.png]
[grunge.com.tn/images/26.png]
[grunge.com.tn/digital.html]
[grunge.com.tn/images/31.jpg]
[grunge.com.tn/images/32.jpg]
[grunge.com.tn/images/33.jpg]
[grunge.com.tn/images/34.jpg]
[grunge.com.tn/images/35.jpg]
[grunge.com.tn/images/36.jpg]
[grunge.com.tn/images/37.jpg]
[grunge.com.tn/images/38.jpg]
[grunge.com.tn/images/39.jpg]
[grunge.com.tn/images/310.jpg]
[grunge.com.tn/images/311.jpg]
[grunge.com.tn/images/312.jpg]
[grunge.com.tn/images/313.jpg]
[grunge.com.tn/trade.html]
[grunge.com.tn/images/41.jpg]
[grunge.com.tn/images/42.jpg]
[grunge.com.tn/images/43.jpg]
[grunge.com.tn/images/44.jpg]
[grunge.com.tn/images/45.jpg]
[grunge.com.tn/images/46.jpg]
[grunge.com.tn/images/47.jpg]
[grunge.com.tn/images/48.jpg]
[grunge.com.tn/images/49.jpg]
[grunge.com.tn/images/410.jpg]
[grunge.com.tn/images/411.jpg]
[grunge.com.tn/images/412.jpg]
[grunge.com.tn/images/413.jpg]
[grunge.com.tn/images/414.jpg]
[grunge.com.tn/images/415.jpg]
[grunge.com.tn/images/416.jpg]
[grunge.com.tn/images/417.jpg]
[grunge.com.tn/images/418.jpg]
[grunge.com.tn/images/419.jpg]
[grunge.com.tn/images/420.jpg]
[grunge.com.tn/images/421.jpg]
[grunge.com.tn/images/422.jpg]
[grunge.com.tn/images/424.jpg]
[grunge.com.tn/images/425.jpg]
[grunge.com.tn/images/426.jpg]
[grunge.com.tn/print.html]
[grunge.com.tn/images/51.jpg]
[grunge.com.tn/images/52.jpg]
[grunge.com.tn/images/53.jpg]
[grunge.com.tn/images/54.jpg]
[grunge.com.tn/images/55.jpg]
[grunge.com.tn/images/56.jpg]
[grunge.com.tn/images/57.jpg]
[grunge.com.tn/images/58.jpg]
[grunge.com.tn/images/59.jpg]
[grunge.com.tn/event.html]
[grunge.com.tn/images/61.png]
[grunge.com.tn/images/62.jpg]
[grunge.com.tn/images/63.jpg]
[grunge.com.tn/images/64.png]
[grunge.com.tn/images/65.png]
[grunge.com.tn/images/66.png]
[grunge.com.tn/images/67.png]
[grunge.com.tn/images/68.png]
[grunge.com.tn/images/69.png]
[grunge.com.tn/images/610.jpg]
[grunge.com.tn/3D.html]
[grunge.com.tn/css/nav-icon.html]
[grunge.com.tn/fonts/glyphicons-halflings-regular.html]
[grunge.com.tn/fonts/glyphicons-halflings-regulard41d.html]
[grunge.com.tn/fonts/glyphicons-halflings-regular-2.html]
[grunge.com.tn/fonts/glyphicons-halflings-regular-3.html]
[grunge.com.tn/fonts/glyphicons-halflings-regular-4.html]
[grunge.com.tn/images/pagenate.html]
[grunge.com.tn/assets/webfonts/fa-brands-400.eot]
[grunge.com.tn/assets/webfonts/fa-brands-400d41d.eot]
[grunge.com.tn/assets/webfonts/fa-brands-400.woff2]
[grunge.com.tn/assets/webfonts/fa-brands-400.woff]
[grunge.com.tn/assets/webfonts/fa-brands-400.ttf]
[grunge.com.tn/assets/webfonts/fa-regular-400.eot]
[grunge.com.tn/assets/webfonts/fa-regular-400d41d.eot]
[grunge.com.tn/assets/webfonts/fa-regular-400.woff2]
[grunge.com.tn/assets/webfonts/fa-regular-400.woff]
[grunge.com.tn/assets/webfonts/fa-regular-400.ttf]
[grunge.com.tn/assets/webfonts/fa-solid-900.eot]
[grunge.com.tn/assets/webfonts/fa-solid-900d41d.eot]
[grunge.com.tn/assets/webfonts/fa-solid-900.woff2]
[grunge.com.tn/assets/webfonts/fa-solid-900.woff]
[grunge.com.tn/assets/webfonts/fa-solid-900.ttf]
[grunge.com.tn/assets/css/fontawesome-all.min.css]
[grunge.com.tn/images/bg.html]
[grunge.com.tn/css/Button1.css]
[grunge.com.tn/images/services/11.html]
[grunge.com.tn/images/services/12.html]
[grunge.com.tn/images54.html]
[grunge.com.tn/images/510.html]
[grunge.com.tn/assets/webfonts/fa-brands-400.svg]
[grunge.com.tn/assets/webfonts/fa-regular-400.svg]
[grunge.com.tn/assets/webfonts/fa-solid-900.svg]
