[github.com/index.html]
[github.githubassets.com/assets/frameworks-6548d5a1dd84bd83036c6a914b25b4ae.css]
[github.githubassets.com/assets/site-d1aa66e61f527a216f66b27405a3d335.css]
[backblue.gif]
[fade.gif]
[index.html]
[github.githubassets.com/assets/github-6960adfc0d6a085147bff50a0684bd8c.css]
[github.com/opensearch.xml]
[github.com/fluidicon.png]
[github.githubassets.com/images/modules/open_graph/github-logo.png]
[github.githubassets.com/images/modules/open_graph/github-mark.png]
[github.githubassets.com/images/modules/open_graph/github-octocat.png]
[github.com/manifest.json]
[github.com/join6a53.html]
[github.com/features.html]
[github.com/features/code-review/index.html]
[github.com/features/integrations.html]
[github.com/features/project-management/index.html]
[github.com/features/actions.html]
[github.com/features/packages.html]
[github.com/features/security.html]
[github.com/customer-stories49ee.html]
[github.com/security.html]
[github.com/enterprise.html]
[github.com/explore.html]
[github.com/topics.html]
[github.com/collections.html]
[github.com/trending.html]
[github.com/events.html]
[github.com/marketplace.html]
[github.com/pricing.html]
[github.com/nonprofit.html]
[github.com/login.html]
[github.com/logine7b6.html]
[github.com/open-source.html]
[github.com/signup_check/username.200540.delayed]
[github.com/signup_check/email.21.delayed]
[github.com/join75e8.html]
[github.com/organizations/enterprise_plan.html]
[github.githubassets.com/images/modules/site/logos/airbnb-logo.png]
[github.githubassets.com/images/modules/site/logos/sap-logo.png]
[github.githubassets.com/images/modules/site/logos/ibm-logo.png]
[github.githubassets.com/images/modules/site/logos/google-logo.png]
[github.githubassets.com/images/modules/site/logos/paypal-logo.png]
[github.githubassets.com/images/modules/site/logos/bloomberg-logo.png]
[github.githubassets.com/images/modules/site/logos/spotify-logo.png]
[github.githubassets.com/images/modules/site/logos/swift-logo.png]
[github.githubassets.com/images/modules/site/logos/facebook-logo.png]
[github.githubassets.com/images/modules/site/logos/node-logo.png]
[github.githubassets.com/images/modules/site/logos/nasa-logo.png]
[github.githubassets.com/images/modules/site/logos/walmart-logo.png]
[github.com/join94bd.html]
[github.com/features/code-review.html]
[github.com/features/project-management.html]
[github.com/customer-stories/mgm-resorts.html]
[customer-stories-feed.github.com/customer_stories/mgm-resorts/hero.jpg]
[customer-stories-feed.github.com/customer_stories/nationwide/nw_hero.jpg]
[github.com/customer-stories/nationwide.html]
[customer-stories-feed.github.com/customer_stories/sap/sap6.jpg]
[github.com/customer-stories/sap.html]
[customer-stories-feed.github.com/customer_stories/spotify/spotifyhero.jpg]
[github.com/customer-stories/spotify.html]
[github.githubassets.com/images/modules/site/home-illo-business.png]
[github.githubassets.com/images/modules/site/integrators/slackhq.png]
[github.githubassets.com/images/modules/site/integrators/zenhubio.png]
[github.githubassets.com/images/modules/site/integrators/travis-ci.png]
[github.githubassets.com/images/modules/site/integrators/atom.png]
[github.githubassets.com/images/modules/site/integrators/circleci.png]
[github.githubassets.com/images/modules/site/integrators/google.png]
[github.githubassets.com/images/modules/site/integrators/codeclimate.png]
[github.com/customer-stories/freakboy3742.html]
[customer-stories-feed.github.com/customer_stories/freakboy3742/hero.jpg]
[customer-stories-feed.github.com/customer_stories/kris-nova/hero.jpg]
[github.com/customer-stories/kris-nova.html]
[github.com/customer-stories/yyx990803.html]
[customer-stories-feed.github.com/customer_stories/yyx990803/hero.jpg]
[github.com/customer-stories/jessfraz.html]
[customer-stories-feed.github.com/customer_stories/jessfraz/hero.jpg]
[github.com/personal.html]
[github.com/signup_check/username.4d.delayed]
[github.com/about.html]
[github.com/about/careers.html]
[github.com/about/press.html]
[github.com/github.html]
[github.githubassets.com/assets/compat-bootstrap-a38bd2e0.js]
[github.githubassets.com/assets/vendor-df23628d.js]
[github.githubassets.com/assets/frameworks-d8c11e4b.js]
[github.githubassets.com/assets/github-bootstrap-779983c4.js]
[github.githubassets.com/assets/unsupported-bootstrap-1165d44b.js]
[github.com/index.html]
[github.githubassets.com/images/spinners/octocat-spinner-16px.gif]
[github.githubassets.com/images/modules/ajax/success.png]
[github.githubassets.com/images/modules/ajax/error.png]
[github.githubassets.com/images/spinners/octocat-spinner-32.gif]
[github.githubassets.com/images/modules/ajax/success@2x.png]
[github.githubassets.com/images/modules/ajax/error@2x.png]
[github.githubassets.com/images/spinners/octocat-spinner-32-EAF2F5.gif]
[github.githubassets.com/images/spinners/octocat-spinner-16px-EAF2F5.gif]
[github.githubassets.com/assets/frameworks-6548d5a1dd84bd83036c6a914b25b4ae.css]
[github.githubassets.com/images/modules/site/netneutrality/netneutrality.png]
[github.githubassets.com/images/modules/site/illflow_window_ui.png]
[github.githubassets.com/images/modules/site/business-security-illflow-bg.png]
[github.githubassets.com/images/modules/site/features/actions-hero-bg.jpg]
[github.githubassets.com/assets/site-d1aa66e61f527a216f66b27405a3d335.css]
[github.githubassets.com/images/modules/pulls/progressive-disclosure-line@2x.png]
[github.githubassets.com/images/modules/pagehead/background-yellowhatch-v3.png]
[github.githubassets.com/images/spinners/octocat-spinner-64.gif]
[github.githubassets.com/images/modules/jobs/logo.png]
[github.githubassets.com/images/modules/commit/trans_bg.gif]
[github.githubassets.com/images/spinners/octocat-spinner-128.gif]
[github.githubassets.com/assets/github-6960adfc0d6a085147bff50a0684bd8c.css]
[github.com/join.html]
[github.com/joinaebb.html]
[github.com/login6ad1.html]
[github.com/signup_check/username.6ffc8d.delayed]
[github.com/join6a53.html]
[github.githubassets.com/images/modules/site/social-cards/features.png]
[github.com/login2a66.html]
[github.githubassets.com/images/modules/site/product-illo/img-actions.png]
[github.githubassets.com/images/modules/site/product-illo/img-packages.png]
[github.githubassets.com/images/modules/site/product-illo/security-advisories.png]
[github.githubassets.com/images/modules/site/product-illo/img-propose-changes.png]
[github.githubassets.com/images/modules/site/product-illo/img-see-the-difference.png]
[github.githubassets.com/images/modules/site/product-illo/img-clear-feedback.png]
[github.githubassets.com/images/modules/site/product-illo/img-review-request.png]
[github.githubassets.com/images/modules/site/product-illo/img-comment-context.png]
[github.githubassets.com/images/modules/site/product-illo/img-protect-branches.png]
[github.githubassets.com/images/modules/site/product-illo/img-github-desktop.png]
[github.githubassets.com/images/modules/site/product-illo/img-gh-mobile.png]
[github.com/features/actions/index.html]
[github.com/features/integrations/index.html]
[github.com/login1256.html]
[github.com/login7f26.html]
[github.githubassets.com/images/modules/site/logos/atom-logo.png]
[github.com/atom/atom.html]
[github.com/electron/electron.html]
[github.githubassets.com/images/modules/site/logos/electron-logo.png]
[github.githubassets.com/images/modules/site/logos/hubot-logo.png]
[github.com/hubotio/hubot.html]
[github.githubassets.com/images/modules/site/logos/lfs-logo.png]
[github.com/git-lfs/git-lfs.html]
[github.githubassets.com/images/modules/site/integrators/appveyor-logo.png]
[github.githubassets.com/images/modules/site/integrators/codacy.png]
[github.githubassets.com/images/modules/site/product-illo/img-code-hosting.png]
[github.githubassets.com/images/modules/site/product-illo/img-github-pages.png]
[github.githubassets.com/images/modules/site/product-illo/img-projects.png]
[github.githubassets.com/images/modules/site/product-illo/img-issues.png]
[github.githubassets.com/images/modules/site/product-illo/img-manage-grow-teams.png]
[github.githubassets.com/images/modules/site/product-illo/img-convos-on-topic.png]
[github.githubassets.com/images/modules/site/product-illo/img-community-guidelines.png]
[github.com/join399f.html]
[github.com/enterprisec4e6.html]
[github.com/features.html]
[github.com/join030b.html]
[github.com/login5e7c.html]
[github.githubassets.com/images/modules/site/product-illo/img-pull-request.png]
[github.githubassets.com/images/modules/site/product-illo/img-diff.png]
[github.githubassets.com/images/modules/site/product-illo/img-history.png]
[github.githubassets.com/images/modules/site/product-illo/img-blame.png]
[github.githubassets.com/images/modules/site/product-illo/img-comment-simple.png]
[github.githubassets.com/images/modules/site/product-illo/img-review-request-2.png]
[github.githubassets.com/images/modules/site/product-illo/img-reviews.png]
[github.githubassets.com/images/modules/site/product-illo/img-conflict.png]
[github.githubassets.com/images/modules/site/integrators/codecov.png]
[github.com/marketplace/codecov.html]
[github.githubassets.com/images/modules/site/integrators/codacy-dark.png]
[github.com/marketplace/codacy.html]
[github.githubassets.com/images/modules/site/integrators/coveralls.png]
[github.com/marketplace/coveralls.html]
[github.githubassets.com/images/modules/site/integrators/codefactor.png]
[github.com/join9c9e.html]
[github.com/join99a7.html]
[github.com/features/code-review/index.html]
[github.com/join8af0.html]
[github.com/login1c9f.html]
[github.githubassets.com/images/modules/site/product-illo/img-projects-tasks.png]
[github.githubassets.com/images/modules/site/product-illo/img-projects-mentions.png]
[github.githubassets.com/images/modules/site/product-illo/img-projects-labels.png]
[github.githubassets.com/images/modules/site/product-illo/img-projects-milestones.png]
[github.githubassets.com/images/modules/site/product-illo/img-pull-request-2.png]
[github.githubassets.com/images/modules/site/product-illo/img-project-full.png]
[github.githubassets.com/images/modules/site/integrators/codetree.png]
[github.com/marketplace/codetree.html]
[github.githubassets.com/images/modules/site/integrators/stale.png]
[github.com/marketplace/stale.html]
[github.com/marketplace/zube.html]
[github.githubassets.com/images/modules/site/integrators/zube.png]
[github.com/features/project-management/index.html]
[github.com/marketplace/zenhub.html]
[github.com/loginfd7f.html]
[github.githubassets.com/images/modules/site/integrators/waffleio.png]
[github.com/marketplace/index.html]
[github.com/features/integrations.html]
[github.githubassets.com/images/modules/site/social-cards/actions.png]
[github.com/login59a5.html]
[github.com/login7fa3.html]
[github.com/marketplace158b.html]
[github.com/launchdarkly/find-code-references.html]
[github.com/Azure/actions.html]
[github.com/aws-actions/amazon-ecr-login.html]
[github.com/Azure/k8s-actions.html]
[github.com/codeclimate/velocity-deploy-action.html]
[github.githubassets.com/images/modules/site/features/actions-coveralls.png]
[github.com/coverallsapp/github-action.html]
[github.githubassets.com/images/modules/site/features/actions-axosoft.png]
[github.com/Axosoft/glo-actions.html]
[github.githubassets.com/images/modules/site/features/actions-mabl.png]
[github.com/mablhq/github-run-tests-action.html]
[github.com/actions/stale.html]
[github.com/actions/labeler.html]
[github.com/actions/zeit-now.e3.delayed]
[github.com/GoogleCloudPlatform/github-actions.html]
[github.com/codecov/codecov-action.html]
[github.com/features/actions.html]
[github.com/actions/starter-workflows.html]
[github.githubassets.com/images/modules/site/social-cards/package-registry.png]
[github.com/loginc476.html]
[github.githubassets.com/assets/marketing-7269e935.js]
[github.com/features/packages.html]
[github.githubassets.com/images/modules/site/social-cards/advanced-security.png]
[github.com/login513a.html]
[github.com/features/security.html]
[github.com/advisories.html]
[github.githubassets.com/images/modules/site/social-cards/enterprise.png]
[github.com/login5789.html]
[github.com/customer-stories/ford.html]
[customer-stories-feed.github.com/customer_stories/ford/Fordhero.jpg]
[customer-stories-feed.github.com/customer_stories/american-airlines/AAhero.jpg]
[github.com/customer-stories/american-airlines.html]
[customer-stories-feed.github.com/customer_stories/arduino/arduino-github-01.jpg]
[github.com/customer-stories/arduino.html]
[github.com/customer-stories1814.html]
[github.com/customer-stories9610.html]
[github.com/customer-stories5ba0.html]
[github.com/customer-stories5b57.html]
[github.com/customer-stories49ee.html]
[github.githubassets.com/images/modules/site/social-cards/security.png]
[github.com/customer-stories79d6]
[github.com/loginef8d.html]
[github.com/security/trust.html]
[github.com/security/team.html]
[github.com/security.html]
[github.com/security/incident-response.html]
[github.com/logina6d8.html]
[github.com/features/insights.html]
[github.com/premium-support.html]
[github.githubassets.com/images/modules/site/product-illo/security-alert-1@2x.png]
[github.githubassets.com/images/modules/site/product-illo/security-alert-2@2x.png]
[github.com/enterprise.html]
[github.com/explore.html]
[github.com/topics.html]
[github.com/collections.html]
[github.com/trending.html]
[github.com/events.html]
[github.com/marketplace.html]
[github.com/pricing.html]
[github.com/nonprofit.html]
[github.com/login.html]
[github.com/logine7b6.html]
[github.com/open-source.html]
[github.com/signup_check/username0540.html]
[github.com/signup_check/email.html]
[github.com/join75e8.html]
[github.com/organizations/enterprise_plan.html]
[github.com/join94bd.html]
[github.com/features/code-review.html]
[github.com/features/project-management.html]
[github.com/customer-stories/mgm-resorts.html]
[github.com/customer-stories/nationwide.html]
[github.com/customer-stories/sap.html]
[github.com/customer-stories/spotify.html]
[github.com/customer-stories/freakboy3742.html]
[github.com/customer-stories/kris-nova.html]
[github.com/customer-stories/yyx990803.html]
[github.com/customer-stories/jessfraz.html]
[github.com/personal.html]
[github.com/signup_check/username.html]
[github.com/about.html]
[github.com/about/careers.html]
[github.com/about/press.html]
[github.com/github.html]
[github.com/join.html]
[github.com/joinaebb.html]
[github.com/login6ad1.html]
[github.com/signup_check/usernamefc8d.html]
[github.com/login2a66.html]
[github.com/features/actions/index.html]
[github.com/features/package-registry/index.html]
[github.com/features/integrations/index.html]
[github.com/login1256.html]
[github.com/login7f26.html]
[github.com/atom/atom.html]
[github.com/electron/electron.html]
[github.com/hubotio/hubot.html]
[github.com/git-lfs/git-lfs.html]
[github.com/join399f.html]
[github.com/enterprisec4e6.html]
[github.com/join030b.html]
